<html>
<body>
<pre>
<h1>礦ision Build Log</h1>
<h2>Tool Versions:</h2>
IDE-Version: μVision V5.24.2.0
Copyright (C) 2017 ARM Ltd and ARM Germany GmbH. All rights reserved.
License Information: A zzh, A, LIC=HN0AE-5UZX4-EVH1R-KLMD5-YMS3P-XI9Z1
 
Tool Versions:
Toolchain:       MDK-ARM Plus  Version: 5.24.1
Toolchain Path:  E:\software\Keil5\ARM\ARMCC\Bin
C Compiler:      Armcc.exe V5.06 update 5 (build 528)
Assembler:       Armasm.exe V5.06 update 5 (build 528)
Linker/Locator:  ArmLink.exe V5.06 update 5 (build 528)
Library Manager: ArmAr.exe V5.06 update 5 (build 528)
Hex Converter:   FromElf.exe V5.06 update 5 (build 528)
CPU DLL:         SARMCM3.DLL V5.24.1
Dialog DLL:      DCM.DLL V1.16.0.0
Target DLL:      Segger\JL2CM3.dll V2.99.26.0
Dialog DLL:      TCM.DLL V1.32.0.0
 
<h2>Project:</h2>
E:\desktop\实践项目\stm32\屏幕\链表菜单\Project.uvprojx
Project File Date:  10/26/2023

<h2>Output:</h2>
*** Using Compiler 'V5.06 update 5 (build 528)', folder: 'E:\software\Keil5\ARM\ARMCC\Bin'
Build target 'Target 1'
compiling menu.c...
System\menu.c(42): warning:  #513-D: a value of type "void *" cannot be assigned to an entity of type "void (*)()"
  	node->Function = Function;
System\menu.c(58): warning:  #513-D: a value of type "void *" cannot be assigned to an entity of type "void (*)()"
  	node->Function = Function;
System\menu.c(75): warning:  #513-D: a value of type "void *" cannot be assigned to an entity of type "void (*)()"
  	node->Function = Function;
System\menu.c(142): warning:  #1-D: last line of file ends without a newline
  }
System\menu.c: 4 warnings, 0 errors
linking...
Program Size: Code=4852 RO-data=2596 RW-data=244 ZI-data=1636  
".\Objects\Project.axf" - 0 Error(s), 4 Warning(s).

<h2>Software Packages used:</h2>

Package Vendor: Keil
                http://www.keil.com/pack/Keil.STM32F1xx_DFP.2.2.0.pack
                Keil.STM32F1xx_DFP.2.2.0
                STMicroelectronics STM32F1 Series Device Support, Drivers and Examples

<h2>Collection of Component include folders:</h2>
  .\RTE\_Target_1
  E:\software\Keil5\ARM\PACK\Keil\STM32F1xx_DFP\2.2.0\Device\Include

<h2>Collection of Component Files used:</h2>
Build Time Elapsed:  00:00:00
</pre>
</body>
</html>
